com.rcore.global.DateTime -> com.rcore.global.DateTime:
    java.util.Locale russianLocale -> a
    java.util.TimeZone russianTimeZone -> b
    boolean timeProcessActive -> c
    java.util.Stack timeStack -> d
    void <init>() -> <init>
    java.lang.String[] getMonthList() -> getMonthList
    java.lang.String[] getMonthListParentCase() -> getMonthListParentCase
    java.lang.String[] getDayList() -> getDayList
    java.lang.String[] getDayListParentCase() -> getDayListParentCase
    int[] getDaysInMonth(int) -> getDaysInMonth
    java.lang.String getStrMonth() -> getStrMonth
    java.lang.String getStrDayOfWeek() -> getStrDayOfWeek
    java.lang.String getDate(java.lang.String) -> getDate
    java.lang.String getDate() -> getDate
    java.lang.String getAmericanDate() -> getAmericanDate
    java.lang.String getAmericanDate(java.util.Date) -> getAmericanDate
    java.lang.String getTime() -> getTime
    int[] getTimeArray() -> getTimeArray
    java.lang.String getDateTime() -> getDateTime
    java.lang.String getDateTime(java.lang.String) -> getDateTime
    java.lang.String getAmericanDateTime() -> getAmericanDateTime
    void timeStart() -> timeStart
    long timeEnd() -> timeEnd
    long timeEnd(java.lang.String) -> timeEnd
    java.lang.String getNormalDateTime(java.lang.String,java.lang.String) -> getNormalDateTime
    java.util.Date getJavaUtilDate(java.lang.String) -> getJavaUtilDate
    java.lang.String getDateByDayCmonthYear(java.sql.Date) -> getDateByDayCmonthYear
    java.lang.String getDateByDayCmonthYear(java.sql.Date,java.lang.String) -> getDateByDayCmonthYear
    java.lang.String getDateByDayCmonthYear(java.util.Date) -> getDateByDayCmonthYear
    java.lang.String convertDateToDateInCalendar(java.lang.String) -> convertDateToDateInCalendar
    java.sql.Date java_util_date2java_sql_date(java.util.Date) -> java_util_date2java_sql_date
    java.util.Date dateFromDb2Java_util_date(java.lang.String) -> dateFromDb2Java_util_date
    java.lang.String date2StringForOracleWhere(java.util.Date) -> date2StringForOracleWhere
    java.util.Date getJavaUtilDate(int,int,int) -> getJavaUtilDate
    int[] getYearMonthDateFromJavaUtilDate(java.util.Date) -> getYearMonthDateFromJavaUtilDate
    java.lang.String javaUtilDate2RusianDate(java.util.Date) -> javaUtilDate2RusianDate
    int getCurrentYear() -> getCurrentYear
    int getCurrentMonth() -> getCurrentMonth
    int getCurrentDay() -> getCurrentDay
    java.util.Date getLastDayOfMonth(java.util.Date) -> getLastDayOfMonth
    java.lang.String toDateInCalendar(java.util.Date) -> toDateInCalendar
    java.util.Date domainDate2javaUtilDate(oracle.jbo.domain.Date) -> domainDate2javaUtilDate
    oracle.jbo.domain.Date javaUtilDate2DomainDate(java.util.Date) -> javaUtilDate2DomainDate
    java.util.Locale getRussianLocale() -> getRussianLocale
    java.util.TimeZone getRussianTimeZone() -> getRussianTimeZone
    void main(java.lang.String[]) -> main
    void <clinit>() -> <clinit>
com.rcore.global.StringFunc -> com.rcore.global.StringFunc:
    java.lang.String PREFIX_ENCODE -> a
    java.lang.String SUFFIX_ENCODE -> b
    java.lang.String ENG_LOW_LETTERS -> ENG_LOW_LETTERS
    java.lang.String ENG_UP_LETTERS -> ENG_UP_LETTERS
    java.lang.String RUS_LOW_LETTERS -> RUS_LOW_LETTERS
    java.lang.String RUS_UP_LETTERS -> RUS_UP_LETTERS
    java.lang.String RUS_ALL_LETTERS -> RUS_ALL_LETTERS
    byte[] LIST_CHARSET -> c
    java.util.HashMap TABLE_CHARSET -> d
    java.lang.String CR -> CR
    java.lang.String LF -> LF
    java.lang.String CRLF -> CRLF
    void <init>() -> <init>
    java.lang.String substring(java.lang.String,int) -> substring
    java.lang.String substring(java.lang.String,int,int) -> substring
    java.lang.StringBuffer replicateStringBuffer(java.lang.StringBuffer,int) -> replicateStringBuffer
    java.lang.String replicate(java.lang.String,int) -> replicate
    java.lang.String padl(java.lang.String,int,char) -> padl
    java.lang.String padr(java.lang.String,int,char) -> padr
    java.lang.String padc(java.lang.String,int,char) -> padc
    int countSubStr(java.lang.String,java.lang.String) -> countSubStr
    int countLines(java.lang.String) -> countLines
    java.lang.String ltrim(java.lang.String,char[]) -> ltrim
    java.lang.String rtrim(java.lang.String,char[]) -> rtrim
    java.lang.String alltrim(java.lang.String,char[]) -> alltrim
    java.lang.String alltrim(java.lang.String) -> alltrim
    java.lang.String alltrim(java.lang.String,char) -> alltrim
    java.lang.String ltrim(java.lang.String) -> ltrim
    java.lang.String ltrim(java.lang.String,char) -> ltrim
    java.lang.String rtrim(java.lang.String) -> rtrim
    java.lang.String rtrim(java.lang.String,char) -> rtrim
    java.lang.String strZero(int,int) -> strZero
    java.lang.String getFileName(java.lang.String) -> getFileName
    java.lang.String getFullFileName(java.lang.String,java.lang.String) -> getFullFileName
    java.lang.String rectangleToString(java.awt.Rectangle) -> rectangleToString
    boolean isEmpty(java.lang.String) -> isEmpty
    boolean stob(java.lang.String) -> stob
    java.lang.Boolean stringToBoolean(java.lang.String) -> stringToBoolean
    int parseInt(java.lang.String,int) -> parseInt
    java.lang.String replace(java.lang.String,java.lang.String,java.lang.String) -> replace
    java.lang.String replace(java.lang.String,java.lang.String[],java.lang.String[]) -> replace
    java.lang.String replace(java.lang.String,java.lang.String,java.lang.String,int) -> replace
    java.lang.String reverse(java.lang.String) -> reverse
    int lastIndexOfAny(java.lang.String,java.lang.String[]) -> lastIndexOfAny
    java.lang.String wordWrap(java.lang.String,int,java.lang.String) -> wordWrap
    boolean isWord(java.lang.String) -> isWord
    boolean isAlphanumeric(java.lang.String) -> isAlphanumeric
    boolean isNumeric(java.lang.String) -> isNumeric
    java.lang.String normalizeFileName(java.lang.String) -> normalizeFileName
    java.lang.String splitLine(java.lang.String,int,java.lang.String) -> splitLine
    java.lang.StringBuffer splitOneSimpleLine(java.lang.String,int,java.lang.String) -> a
    boolean isCp1252(char) -> isCp1252
    boolean isCp1251(char) -> isCp1251
    boolean isRusText(java.lang.String) -> isRusText
    java.lang.String decode(java.lang.String,java.lang.String,java.lang.String) -> decode
    java.lang.String encodeRusString(java.lang.String) -> encodeRusString
    java.lang.String encodeRusChar(int) -> a
    java.lang.String decodeRusString(java.lang.String) -> decodeRusString
    void main(java.lang.String[]) -> main
    void <clinit>() -> <clinit>
com.rcore.global.adf.AdfBaseBean -> com.rcore.global.adf.AdfBaseBean:
    java.util.Map urlByResource -> a
    java.util.Map textByResource -> b
    void <init>() -> <init>
    java.lang.String getWindowBasePath() -> getWindowBasePath
    java.lang.String getBasePath() -> getBasePath
    java.lang.String getBasePathStatic() -> getBasePathStatic
    java.lang.String getServerBasePath() -> getServerBasePath
    java.lang.String getServerBasePath(javax.servlet.http.HttpServletRequest) -> getServerBasePath
    void printViewObject(oracle.jbo.ViewObject) -> printViewObject
    oracle.adf.model.BindingContext getBindingContext() -> getBindingContext
    oracle.adf.model.binding.DCBindingContainer findBindingContainer(java.lang.String) -> findBindingContainer
    oracle.jbo.ViewObject getViewObjectFromBinding(java.lang.String,java.lang.String) -> getViewObjectFromBinding
    oracle.jbo.Row[] getRowDataFromAfTable(oracle.adf.view.rich.component.rich.data.RichTable) -> getRowDataFromAfTable
    java.util.Map row2map(oracle.jbo.Row) -> row2map
    java.lang.String getCurrentViewId() -> getCurrentViewId
    javax.faces.component.UIViewRoot getViewRoot() -> getViewRoot
    void printRow(java.util.Map,int) -> printRow
    java.lang.String getSessionId() -> getSessionId
    javax.servlet.http.HttpSession getSession() -> getSession
    javax.servlet.ServletContext getApplication() -> getApplication
    void javaScriptEvaluate(java.lang.String) -> javaScriptEvaluate
    java.lang.String getServerPath(javax.servlet.http.HttpServletRequest) -> getServerPath
    java.lang.String getServerPath() -> getServerPath
    javax.servlet.http.HttpServletRequest getRequest() -> getRequest
    javax.servlet.http.HttpServletResponse getResponse() -> getResponse
    double __getBrowserVersion(java.lang.String) -> __getBrowserVersion
    javax.faces.component.UIComponent findComponentParentByClassName(javax.faces.component.UIComponent,java.lang.String) -> findComponentParentByClassName
    javax.faces.component.UIComponent findComponent(java.lang.String) -> findComponent
    javax.faces.component.UIComponent findComponent(javax.faces.component.UIComponent,java.lang.String) -> a
    void setNotEditableComponent(javax.faces.component.UIComponent) -> setNotEditableComponent
    void setNotEditableComponentOne(javax.faces.component.UIComponent) -> a
    void clientButtonClick(java.lang.String) -> clientButtonClick
    javax.faces.component.UIComponent getRoot(javax.faces.component.UIComponent) -> getRoot
    void addPartialTriggers(oracle.adf.view.rich.component.rich.input.RichInputText,java.lang.String[]) -> addPartialTriggers
    void addPartialTriggers(oracle.adf.view.rich.component.rich.output.RichImage,java.lang.String[]) -> addPartialTriggers
    void addPartialTriggers(oracle.adf.view.rich.component.rich.layout.RichPanelGroupLayout,java.lang.String[]) -> addPartialTriggers
    void addPartialTriggers(oracle.adf.view.rich.component.rich.input.RichSelectOneListbox,java.lang.String[]) -> addPartialTriggers
    void addPartialTriggers(org.apache.myfaces.trinidad.component.core.input.CoreSelectOneListbox,java.lang.String[]) -> addPartialTriggers
    void addPartialTriggers(oracle.adf.view.rich.component.rich.layout.RichPanelBorderLayout,java.lang.String[]) -> addPartialTriggers
    void addPartialTriggers(oracle.adf.view.rich.component.rich.layout.RichPanelBox,java.lang.String[]) -> addPartialTriggers
    void addPartialTarget(javax.faces.component.UIComponent) -> addPartialTarget
    java.util.Map getUrlByResource() -> getUrlByResource
    java.util.Map getTextByResource() -> getTextByResource
    java.lang.String getBrowser() -> getBrowser
    boolean isFireFox() -> isFireFox
    boolean isIE() -> isIE
    boolean isIE8Browser() -> isIE8Browser
    boolean getisIE8Browser() -> getisIE8Browser
    java.lang.String getCookieValue(java.lang.String) -> getCookieValue
    boolean webcenterLogout() -> webcenterLogout
    void refreshCurrentPage() -> refreshCurrentPage
    long getNextSeq(oracle.jbo.server.DBTransaction,java.lang.String) -> getNextSeq
    long getCurrentSeq(oracle.jbo.server.DBTransaction,java.lang.String) -> getCurrentSeq
    java.util.Date getCurrentDate() -> getCurrentDate
    java.util.Date getYesterdayDate() -> getYesterdayDate
    void <clinit>() -> <clinit>
com.rcore.global.xml.XmlDoc -> com.rcore.global.xml.XmlDoc:
    java.lang.String CRLF -> a
    int INDENT_FOR_LEVEL -> b
    java.lang.String EMPTY -> c
    java.lang.String IDERROR_DTD -> d
    java.lang.String ATR_BEGIN -> e
    java.lang.String ATR_END -> f
    java.lang.String SPACE -> g
    void <init>() -> <init>
    int getLevelNode(org.w3c.dom.Node) -> getLevelNode
    com.sun.xml.tree.XmlDocument getParentXmlDocument(org.w3c.dom.Node) -> getParentXmlDocument
    int getChildIndexNode(org.w3c.dom.Node) -> getChildIndexNode
    java.util.ArrayList getAttributes(org.w3c.dom.Node) -> getAttributes
    org.w3c.dom.Node getFirstChildNode(org.w3c.dom.Element,java.lang.String) -> getFirstChildNode
    org.w3c.dom.Node getFirstChildNode(org.w3c.dom.Element,java.lang.String,java.lang.String,java.lang.String) -> getFirstChildNode
    java.util.ArrayList getChilds(org.w3c.dom.Node) -> getChilds
    java.util.ArrayList getChilds(org.w3c.dom.Node,java.lang.String) -> getChilds
    org.w3c.dom.Node getFirstParentByTagName(org.w3c.dom.Node,java.lang.String) -> getFirstParentByTagName
    org.w3c.dom.Element getFirstParent(org.w3c.dom.Element,java.lang.String,java.lang.String,java.lang.String) -> getFirstParent
    com.sun.xml.tree.ElementNode getDocumentElementFromString(java.lang.String,java.lang.String,java.util.Properties) -> getDocumentElementFromString
    com.sun.xml.tree.XmlDocument getDocumentFromString(java.lang.String,boolean,java.util.Properties,java.lang.String,java.util.Properties) -> getDocumentFromString
    com.sun.xml.tree.XmlDocument getDocumentFromString(java.lang.String,boolean,java.io.InputStream,java.lang.String,java.util.Properties) -> getDocumentFromString
    java.lang.String getSysId(java.lang.String) -> getSysId
    com.sun.xml.tree.XmlDocument getDocumentFromString(java.lang.String) -> getDocumentFromString
    com.sun.xml.tree.XmlDocument getDocumentFromString(java.lang.String,boolean,java.lang.String,java.util.Properties) -> getDocumentFromString
    com.sun.xml.tree.XmlDocument getDocumentFromString(java.lang.String,java.lang.String,java.util.Properties) -> getDocumentFromString
    java.lang.String getAttribute(org.w3c.dom.Element,java.lang.String,java.lang.String) -> getAttribute
    boolean getAttribute_bool(org.w3c.dom.Element,java.lang.String) -> getAttribute_bool
    boolean getAttribute_bool(org.w3c.dom.Element,java.lang.String,boolean) -> getAttribute_bool
    int getAttribute_int(org.w3c.dom.Element,java.lang.String) -> getAttribute_int
    int getAttribute_int(org.w3c.dom.Element,java.lang.String,int) -> getAttribute_int
    double getAttribute_double(org.w3c.dom.Element,java.lang.String) -> getAttribute_double
    double getAttribute_double(org.w3c.dom.Element,java.lang.String,double) -> getAttribute_double
    org.w3c.dom.Element getFirstElementChild(org.w3c.dom.Element,java.lang.String) -> getFirstElementChild
    org.w3c.dom.Element getFirstElementChild(org.w3c.dom.Element,java.lang.String,java.lang.String,java.lang.String) -> getFirstElementChild
    org.w3c.dom.Element getFirstElementUp(org.w3c.dom.Element,java.lang.String) -> getFirstElementUp
    org.w3c.dom.Element getFirstElementUp(org.w3c.dom.Element,java.lang.String,java.lang.String,java.lang.String) -> getFirstElementUp
    java.util.ArrayList getElementsChild(org.w3c.dom.Element,java.lang.String,java.lang.String,java.lang.String) -> getElementsChild
    java.lang.String getPath(org.w3c.dom.Node) -> getPath
    java.lang.String getPath(org.w3c.dom.Node,boolean) -> getPath
    java.lang.String getPath(org.w3c.dom.Node,org.w3c.dom.Node) -> getPath
    java.lang.String getPath(org.w3c.dom.Node,org.w3c.dom.Node,boolean) -> getPath
    boolean isEmptyNode(org.w3c.dom.Node) -> isEmptyNode
    java.lang.String getTextContent(org.w3c.dom.Node) -> getTextContent
    void setTextContent(org.w3c.dom.Node,java.lang.String) -> setTextContent
    boolean isIncludeTextNodeInChilds(org.w3c.dom.Node) -> isIncludeTextNodeInChilds
    void setAttributes(org.w3c.dom.Element,java.lang.String[][]) -> setAttributes
    void saveElement(java.lang.String,org.w3c.dom.Element,java.lang.String,int) -> saveElement
    void saveDocument(java.lang.String,com.sun.xml.tree.XmlDocument,java.lang.String,int) -> saveDocument
    void saveDocumentByEncoding(java.lang.String,com.sun.xml.tree.XmlDocument,int,java.lang.String) -> saveDocumentByEncoding
    void saveDocumentByEncoding(java.lang.String,com.sun.xml.tree.XmlDocument,java.lang.String,int,java.lang.String) -> saveDocumentByEncoding
    java.lang.String print(com.sun.xml.tree.ElementNode) -> print
    java.lang.String elementToStr(org.w3c.dom.Node,int,int) -> elementToStr
    com.sun.xml.tree.XmlDocument createDocument(java.lang.String) -> createDocument
    com.sun.xml.tree.XmlDocument createDocumentNoValiding(java.lang.String) -> createDocumentNoValiding
    java.lang.String nodeToStrWithoutDefaultAttributes(org.w3c.dom.Node) -> nodeToStrWithoutDefaultAttributes
    java.lang.String nodeToStrWithoutDefaultAttributes(org.w3c.dom.Node,boolean) -> nodeToStrWithoutDefaultAttributes
    java.lang.String docToStr(com.sun.xml.tree.XmlDocument) -> docToStr
    java.lang.String docToStr(com.sun.xml.tree.XmlDocument,java.lang.String) -> docToStr
    java.lang.String convertAttribute(java.lang.String) -> convertAttribute
    com.sun.xml.tree.XmlDocument DocumentFromFile(java.lang.String) -> DocumentFromFile
    void removeChilds(org.w3c.dom.Node) -> removeChilds
    void removeChilds(org.w3c.dom.Node,java.lang.String) -> removeChilds
    boolean appendChild(org.w3c.dom.Node,org.w3c.dom.Node) -> appendChild
    boolean insertAfter(org.w3c.dom.Node,org.w3c.dom.Node) -> insertAfter
    boolean insertBefore(org.w3c.dom.Node,org.w3c.dom.Node) -> insertBefore
    boolean removeChild(org.w3c.dom.Node) -> removeChild
    boolean removeNodeWithoutChilds(org.w3c.dom.Node) -> removeNodeWithoutChilds
    boolean replaceChild(org.w3c.dom.Node,org.w3c.dom.Node) -> replaceChild
    void normalize(com.sun.xml.tree.XmlDocument) -> normalize
    void normalize(org.w3c.dom.Element) -> normalize
    com.sun.xml.tree.XmlDocument createXmlFromFile(java.lang.String) -> createXmlFromFile
    com.sun.xml.tree.XmlDocument createXmlFromFile(java.lang.String,boolean) -> createXmlFromFile
    com.sun.xml.tree.XmlDocument createXmlFromFile(java.lang.String,boolean,java.util.Properties) -> createXmlFromFile
    com.sun.xml.tree.XmlDocument createXmlFromStringWithMaps(java.lang.String,boolean,java.util.Properties) -> createXmlFromStringWithMaps
    com.sun.xml.tree.XmlDocument createXmlFromString(java.lang.String,boolean) -> createXmlFromString
    com.sun.xml.tree.XmlDocument createXmlFromString(java.lang.String,java.lang.String) -> createXmlFromString
    com.sun.xml.tree.XmlDocument createXmlFromString(java.lang.String) -> createXmlFromString
    com.sun.xml.tree.XmlDocument createXmlFromString(java.lang.String,boolean,java.lang.String) -> createXmlFromString
    com.sun.xml.tree.XmlDocument createXmlDocument(java.util.Properties) -> createXmlDocument
    void appendByChildIndex(org.w3c.dom.Node,org.w3c.dom.Node,int) -> appendByChildIndex
    void removeAllAttributes(org.w3c.dom.Element) -> removeAllAttributes
    java.lang.String getIndentNode(org.w3c.dom.Node) -> getIndentNode
    void convertAttribute(java.lang.StringBuffer,java.lang.String) -> a
    java.lang.String printAttribute(org.w3c.dom.Node) -> printAttribute
    java.util.ArrayList getNodesDown(org.w3c.dom.Node,java.lang.String) -> getNodesDown
    void getNodesDown(org.w3c.dom.Node,java.lang.String,java.util.ArrayList) -> a
    java.util.ArrayList getElementsDown(org.w3c.dom.Element,java.lang.String) -> getElementsDown
    java.util.ArrayList getElementsByTagName(org.w3c.dom.Element,java.lang.String) -> getElementsByTagName
    void getElementsByTagName(org.w3c.dom.Element,java.lang.String,java.util.ArrayList) -> a
    org.w3c.dom.Element getFirstElementByAttList(org.w3c.dom.Element,java.lang.String,java.lang.String,java.lang.String) -> getFirstElementByAttList
    boolean isAttListOk(org.w3c.dom.Element,java.lang.String[],java.lang.String[]) -> a
    com.sun.xml.tree.ElementNode getXmlRootFromResource(java.lang.Class,java.lang.String) -> getXmlRootFromResource
    com.sun.xml.tree.ElementNode getXmlRootFromResource(java.lang.Class,java.lang.String,boolean) -> getXmlRootFromResource
    void main(java.lang.String[]) -> main
    void <clinit>() -> <clinit>
